{
  "version": "0.15.0-beta.1",
  "database": {
    "bucket_size": 32768,
    "enzyme": {
      "missed_cleavages": null,
      "min_len": 7,
      "max_len": 30,
      "cleave_at": "KR",
      "restrict": null,
      "c_terminal": null,
      "semi_enzymatic": null
    },
    "peptide_min_mass": 600.0,
    "peptide_max_mass": 5000.0,
    "ion_kinds": [
      "b",
      "y"
    ],
    "min_ion_index": 2,
    "static_mods": {},
    "variable_mods": {
      "M": [
        15.9949
      ],
      "[": [
        42.0
      ],
      "C": [
        119.0041,
        57.0214
      ],
      "Y": [
        79.966
      ],
      "T": [
        79.966
      ],
      "E": [
        -18.010565
      ],
      "S": [
        79.966
      ]
    },
    "max_variable_mods": 2,
    "decoy_tag": "rev_",
    "generate_decoys": true,
    "fasta": "../HumanSP_CpSP_AUH_20240725.fasta",
    "prefilter_chunk_size": 100,
    "prefilter": false,
    "prefilter_low_memory": true
  },
  "quant": {
    "tmt": null,
    "tmt_settings": {
      "level": 3,
      "sn": false
    },
    "lfq": false,
    "lfq_settings": {
      "peak_scoring": "Hybrid",
      "integration": "Sum",
      "spectral_angle": 0.7,
      "ppm_tolerance": 5.0,
      "mobility_pct_tolerance": 1.0,
      "combine_charge_states": true
    }
  },
  "precursor_tol": {
    "ppm": [
      -15.0,
      15.0
    ]
  },
  "fragment_tol": {
    "ppm": [
      -15.0,
      15.0
    ]
  },
  "precursor_charge": [
    1,
    4
  ],
  "override_precursor_charge": false,
  "isotope_errors": [
    0,
    0
  ],
  "deisotope": false,
  "chimera": false,
  "wide_window": false,
  "min_peaks": 15,
  "max_peaks": 150,
  "max_fragment_charge": null,
  "min_matched_peaks": 4,
  "report_psms": 1,
  "predict_rt": true,
  "mzml_paths": [
    "../TFR/mzml/TU019943CK_Slot2-39_1_8501.mzml",
    "../TFR/mzml/TU019945CK_Slot2-40_1_8503.mzml",
    "../TFR/mzml/TU019947CK_Slot2-39_1_8505.mzml",
    "../TFR/mzml/TU019950CK_Slot2-40_1_8508.mzml",
    "../TFR/mzml/TU019954CK_Slot2-39_1_8512.mzml",
    "../TFR/mzml/TU019956CK_Slot2-40_1_8514.mzml"
  ],
  "output_paths": [
    "./results.sage.tsv",
    "./results.json"
  ],
  "bruker_config": {
    "ms2": {
      "spectrum_processing_params": {
        "smoothing_window": 1,
        "centroiding_window": 1,
        "calibration_tolerance": 0.1,
        "calibrate": false
      },
      "frame_splitting_params": {
        "Quadrupole": {
          "Even": 1
        }
      }
    },
    "ms1": {
      "mz_ppm": 5.0,
      "ims_pct": 3.0
    }
  },
  "score_type": "SageHyperScore"
}
